// Jest Snapshot v1, https://goo.gl/fbAQLP

exports[`Capital snapshot 1`] = `
<div>
  <div
    class="MuiGrid-root card MuiGrid-container MuiGrid-spacing-xs-2"
  >
    <div
      class="MuiGrid-root MuiGrid-item MuiGrid-grid-xs-12"
    >
      <h6
        class="MuiTypography-root MuiTypography-h6 MuiTypography-alignCenter"
      >
        capital.title
      </h6>
    </div>
    <div
      class="MuiGrid-root MuiGrid-item MuiGrid-grid-xs-12 MuiGrid-grid-sm-5"
    >
      <div
        class="MuiBox-root MuiBox-root-1"
      >
        <input
          data-testid="start-system"
        />
      </div>
    </div>
    <div
      class="MuiGrid-root MuiGrid-item MuiGrid-grid-xs-12 MuiGrid-grid-sm-2"
    />
    <div
      class="MuiGrid-root MuiGrid-item MuiGrid-grid-xs-12 MuiGrid-grid-sm-5"
    >
      <div
        class="MuiBox-root MuiBox-root-2"
      >
        <input
          data-testid="end-system"
        />
      </div>
    </div>
    <div
      class="MuiGrid-root MuiGrid-item MuiGrid-grid-xs-12"
    >
      <div
        class="MuiBox-root MuiBox-root-3"
      >
        <button
          class="MuiButtonBase-root MuiButton-root MuiButton-contained MuiButton-containedPrimary Mui-disabled Mui-disabled"
          disabled=""
          id="find-route"
          tabindex="-1"
          type="button"
        >
          <span
            class="MuiButton-label"
          >
            capital.find
          </span>
        </button>
      </div>
    </div>
    <div
      class="MuiGrid-root MuiGrid-item MuiGrid-grid-xs-12 MuiGrid-grid-sm-4"
    >
      
    </div>
    <div
      class="MuiGrid-root MuiGrid-item MuiGrid-grid-xs-12 MuiGrid-grid-sm-8"
    >
      <div
        data-testid="map"
      >
        0
      </div>
    </div>
  </div>
</div>
`;
